// Jest Snapshot v1, https://goo.gl/fbAQLP

exports[`Contacts testing match table 1`] = `undefined`;
